// Jest Snapshot v1, https://goo.gl/fbAQLP

exports[`transforms as intended 1`] = `
"import something from \\"PATH/TO/NEXT/PROJECT/.mdx-data/f3970f80504f34908259cb81e5b1c3fc.json\\";
import a, { c as d } from './foo.mdx';
import b from \\"PATH/TO/NEXT/PROJECT/.mdx-data/f3970f80504f34908259cb81e5b1c3fc.json\\";"
`;
